[30m┌─────────┐[1B[11D│7        │[1B[11D│         │[1B[11D│    ♣    │[1B[11D│         │[1B[11D│        7│[1B[11D└─────────┘