[31m┌─────────┐[1B[11D│10       │[1B[11D│         │[1B[11D│    ♥    │[1B[11D│         │[1B[11D│       10│[1B[11D└─────────┘