[31m┌─────────┐[1B[11D│A        │[1B[11D│         │[1B[11D│    ♥    │[1B[11D│         │[1B[11D│        A│[1B[11D└─────────┘[6A[1C[30m┌─────────┐[1B[11D│3        │[1B[11D│         │[1B[11D│    ♠    │[1B[11D│         │[1B[11D│        3│[1B[11D└─────────┘