[31m┌─────────┐[1B[11D│A        │[1B[11D│         │[1B[11D│    ♥    │[1B[11D│         │[1B[11D│        A│[1B[11D└─────────┘